// Jest Snapshot v1, https://goo.gl/fbAQLP

exports[`renders correctly 1`] = `
<div
  className="flex justify-between w-full space-x-4 h-12 relative p-1 bg-slate-800"
>
  <div
    className="flex p-1.5"
  >
    <a
      href="/"
      onClick={[Function]}
    >
      <div
        className="flex text-sm md:text-base tracking-tighter text-white font-bold italic border-solid border-x-neutral-700"
      >
        <span
          className=" hidden md:flex"
        >
          Anti-eBay
        </span>
        <span
          className=" mt-1 flex md:hidden"
        >
          A-E
        </span>
      </div>
    </a>
    <div
      className="relative mx-auto text-gray-600 ml-2"
    >
      <input
        className="border-2 border-gray-300 bg-white h-8 px-5 pr-16 rounded-lg w-48 lg:w-96 text-sm focus:outline-none"
        label="searchQuery"
        name="searchQuery"
        onChange={[Function]}
        placeholder="Search"
        type="search"
        value=""
      />
      <a
        href="/SearchResults"
        onClick={[Function]}
      >
        <button
          className="absolute -right-2 bottom-0.5 mt-5 mr-4"
          type="submit"
        >
          <svg
            className="h-6 w-6"
            fill="none"
            stroke="currentColor"
            viewBox="0 0 24 24"
            xmlns="http://www.w3.org/2000/svg"
          >
            <path
              d="M21 21l-6-6m2-5a7 7 0 11-14 0 7 7 0 0114 0z"
              strokeLinecap="round"
              strokeLinejoin="round"
              strokeWidth={2}
            />
          </svg>
        </button>
      </a>
    </div>
  </div>
  <div
    className="flex"
  >
    <div
      className="flex lg:hidden"
      id="sideBar"
    >
      <div>
        <div
          className="bm-overlay"
          onClick={[Function]}
          style={
            Object {
              "MozTransform": "translate3d(100%, 0, 0)",
              "MsTransform": "translate3d(100%, 0, 0)",
              "OTransform": "translate3d(100%, 0, 0)",
              "WebkitTransform": "translate3d(100%, 0, 0)",
              "background": "rgba(0, 0, 0, 0.3)",
              "height": "100%",
              "opacity": 0,
              "position": "fixed",
              "transform": "translate3d(100%, 0, 0)",
              "transition": "opacity 0.3s, transform 0s 0.3s",
              "width": "100%",
              "zIndex": 1000,
            }
          }
        />
        <div
          style={Object {}}
        >
          <div
            className="bm-burger-button"
            style={
              Object {
                "zIndex": 1000,
              }
            }
          >
            <button
              id="react-burger-menu-btn"
              onClick={[Function]}
              onMouseOut={[Function]}
              onMouseOver={[Function]}
              style={
                Object {
                  "background": "transparent",
                  "border": "none",
                  "cursor": "pointer",
                  "fontSize": 0,
                  "height": "100%",
                  "left": 0,
                  "margin": 0,
                  "padding": 0,
                  "position": "absolute",
                  "top": 0,
                  "width": "100%",
                  "zIndex": 1,
                }
              }
            >
              Open Menu
            </button>
            <span>
              <span
                className="bm-burger-bars"
                style={
                  Object {
                    "height": "20%",
                    "left": 0,
                    "opacity": 1,
                    "position": "absolute",
                    "right": 0,
                    "top": "0%",
                  }
                }
              />
              <span
                className="bm-burger-bars"
                style={
                  Object {
                    "height": "20%",
                    "left": 0,
                    "opacity": 1,
                    "position": "absolute",
                    "right": 0,
                    "top": "40%",
                  }
                }
              />
              <span
                className="bm-burger-bars"
                style={
                  Object {
                    "height": "20%",
                    "left": 0,
                    "opacity": 1,
                    "position": "absolute",
                    "right": 0,
                    "top": "80%",
                  }
                }
              />
            </span>
          </div>
        </div>
        <div
          aria-hidden={true}
          className="bm-menu-wrap"
          id=""
          style={
            Object {
              "MozTransform": "translate3d(100%, 0, 0)",
              "MsTransform": "translate3d(100%, 0, 0)",
              "OTransform": "translate3d(100%, 0, 0)",
              "WebkitTransform": "translate3d(100%, 0, 0)",
              "height": "100%",
              "position": "fixed",
              "right": 0,
              "transform": "translate3d(100%, 0, 0)",
              "transition": "all 0.5s",
              "width": "300px",
              "zIndex": 1100,
            }
          }
        >
          <div
            className="bm-menu"
            style={
              Object {
                "boxSizing": "border-box",
                "height": "100%",
                "overflow": "auto",
              }
            }
          >
            <nav
              className="bm-item-list"
              style={
                Object {
                  "height": "100%",
                }
              }
            >
              <button
                className="bm-item hover:bg-sky-700 cursor-pointer text-white font-bold py-2 px-2 rounded"
                style={
                  Object {
                    "display": "block",
                  }
                }
                tabIndex={-1}
              >
                FAQ
              </button>
              <a
                className="bm-item"
                href="/SignIn"
                onClick={[Function]}
                style={
                  Object {
                    "display": "block",
                  }
                }
                tabIndex={-1}
              >
                <button
                  className="hover:bg-sky-700 cursor-pointer text-white font-bold py-2 px-2 rounded"
                >
                  Log In
                </button>
              </a>
              <a
                className="bm-item"
                href="/SignUp"
                onClick={[Function]}
                style={
                  Object {
                    "display": "block",
                  }
                }
                tabIndex={-1}
              >
                <button
                  className="hover:bg-sky-700 cursor-pointer text-white font-bold py-2 px-2 rounded"
                >
                  Sign Up
                </button>
              </a>
            </nav>
          </div>
          <div
            style={Object {}}
          >
            <div
              className="bm-cross-button"
              style={
                Object {
                  "height": 24,
                  "position": "absolute",
                  "right": 8,
                  "top": 8,
                  "width": 24,
                }
              }
            >
              <button
                id="react-burger-cross-btn"
                onClick={[Function]}
                style={
                  Object {
                    "background": "transparent",
                    "border": "none",
                    "cursor": "pointer",
                    "fontSize": 0,
                    "height": "100%",
                    "left": 0,
                    "margin": 0,
                    "padding": 0,
                    "position": "absolute",
                    "top": 0,
                    "width": "100%",
                    "zIndex": 1,
                  }
                }
                tabIndex={-1}
              >
                Close Menu
              </button>
              <span
                style={
                  Object {
                    "position": "absolute",
                    "right": "14px",
                    "top": "6px",
                  }
                }
              >
                <span
                  className="bm-cross"
                  style={
                    Object {
                      "height": 14,
                      "position": "absolute",
                      "transform": "rotate(45deg)",
                      "width": 3,
                    }
                  }
                />
                <span
                  className="bm-cross"
                  style={
                    Object {
                      "height": 14,
                      "position": "absolute",
                      "transform": "rotate(-45deg)",
                      "width": 3,
                    }
                  }
                />
              </span>
            </div>
          </div>
        </div>
      </div>
    </div>
    <div
      className=" mx-5 hidden lg:flex"
    >
      <button
        className="hover:bg-sky-700 cursor-pointer text-white font-bold py-2 px-2 rounded"
      >
        FAQ
      </button>
      <a
        href="/SignIn"
        onClick={[Function]}
      >
        <button
          className="hover:bg-sky-700 cursor-pointer text-white font-bold py-2 px-2 rounded"
        >
          Log In
        </button>
      </a>
      <a
        href="/SignUp"
        onClick={[Function]}
      >
        <button
          className="hover:bg-sky-700 cursor-pointer text-white font-bold py-2 px-2 rounded"
        >
          Sign Up
        </button>
      </a>
    </div>
  </div>
</div>
`;
